// Jest Snapshot v1, https://goo.gl/fbAQLP

exports[`CameraDisclosureModal Component Renders correctly 1`] = `
<Modal
  animationType="slide"
  hardwareAccelerated={false}
  supportedOrientations={
    Array [
      "portrait",
      "landscape",
    ]
  }
  transparent={true}
  visible={true}
>
  <RNCSafeAreaView
    style={
      Object {
        "backgroundColor": "#FFFFFF",
      }
    }
  >
    <RCTScrollView
      style={
        Array [
          Object {
            "backgroundColor": "#FFFFFF",
            "height": "100%",
            "padding": 20,
          },
        ]
      }
    >
      <View>
        <Text
          style={
            Array [
              Object {
                "color": "#313132",
                "fontFamily": "Raleway-Regular",
                "fontSize": 38,
              },
            ]
          }
          testID="com.ariesbifold:id/AllowCameraUse"
        >
          CameraDisclosure.AllowCameraUse
        </Text>
        <Text
          style={
            Array [
              Object {
                "color": "#313132",
                "fontFamily": "Raleway-Light",
                "fontSize": 18,
              },
              Object {
                "marginTop": 30,
              },
            ]
          }
        >
          CameraDisclosure.CameraDisclosure
        </Text>
        <Text
          style={
            Array [
              Object {
                "color": "#313132",
                "fontFamily": "Raleway-Light",
                "fontSize": 18,
              },
              Object {
                "marginTop": 30,
              },
            ]
          }
        >
          CameraDisclosure.ToContinueUsing
        </Text>
      </View>
    </RCTScrollView>
    <View
      style={
        Array [
          Object {
            "backgroundColor": "#FFFFFF",
            "margin": 20,
            "marginTop": "auto",
          },
        ]
      }
    >
      <View
        style={
          Object {
            "paddingTop": 10,
          }
        }
      >
        <View
          accessibilityLabel="Global.Continue"
          accessibilityRole="button"
          accessibilityState={
            Object {
              "busy": undefined,
              "checked": undefined,
              "disabled": false,
              "expanded": undefined,
              "selected": undefined,
            }
          }
          accessibilityValue={
            Object {
              "max": undefined,
              "min": undefined,
              "now": undefined,
              "text": undefined,
            }
          }
          accessible={true}
          collapsable={false}
          focusable={true}
          onClick={[Function]}
          onResponderGrant={[Function]}
          onResponderMove={[Function]}
          onResponderRelease={[Function]}
          onResponderTerminate={[Function]}
          onResponderTerminationRequest={[Function]}
          onStartShouldSetResponder={[Function]}
          style={
            Object {
              "backgroundColor": "#E31937",
              "borderRadius": 4,
              "opacity": 1,
              "padding": 16,
            }
          }
          testID="com.ariesbifold:id/Continue"
        >
          <View
            style={
              Object {
                "alignItems": "center",
                "flexDirection": "row",
                "justifyContent": "center",
              }
            }
          >
            <Text
              style={
                Array [
                  Object {
                    "color": "#FFFFFF",
                    "fontFamily": "Raleway-Bold",
                    "fontSize": 18,
                    "textAlign": "center",
                  },
                  false,
                  false,
                  false,
                ]
              }
            >
              Global.Continue
            </Text>
          </View>
        </View>
      </View>
      <View
        style={
          Object {
            "paddingTop": 10,
          }
        }
      >
        <View
          accessibilityLabel="Global.NotNow"
          accessibilityRole="button"
          accessibilityState={
            Object {
              "busy": undefined,
              "checked": undefined,
              "disabled": false,
              "expanded": undefined,
              "selected": undefined,
            }
          }
          accessibilityValue={
            Object {
              "max": undefined,
              "min": undefined,
              "now": undefined,
              "text": undefined,
            }
          }
          accessible={true}
          collapsable={false}
          focusable={true}
          onClick={[Function]}
          onResponderGrant={[Function]}
          onResponderMove={[Function]}
          onResponderRelease={[Function]}
          onResponderTerminate={[Function]}
          onResponderTerminationRequest={[Function]}
          onStartShouldSetResponder={[Function]}
          style={
            Object {
              "borderColor": "#E31937",
              "borderRadius": 4,
              "borderWidth": 2,
              "opacity": 1,
              "padding": 16,
            }
          }
          testID="com.ariesbifold:id/NotNow"
        >
          <View
            style={
              Object {
                "alignItems": "center",
                "flexDirection": "row",
                "justifyContent": "center",
              }
            }
          >
            <Text
              style={
                Array [
                  Object {
                    "color": "#E31937",
                    "fontFamily": "Raleway-Bold",
                    "fontSize": 18,
                    "textAlign": "center",
                  },
                  false,
                  false,
                  false,
                ]
              }
            >
              Global.NotNow
            </Text>
          </View>
        </View>
      </View>
    </View>
  </RNCSafeAreaView>
</Modal>
`;
