// Jest Snapshot v1, https://goo.gl/fbAQLP

exports[`CheckBoxRow Component Renders correctly 1`] = `
<View
  style={
    Object {
      "alignItems": "center",
      "flex": 1,
      "flexDirection": "row",
      "margin": 10,
    }
  }
>
  <View
    accessibilityLabel="Hey"
    accessibilityState={
      Object {
        "busy": undefined,
        "checked": undefined,
        "disabled": undefined,
        "expanded": undefined,
        "selected": undefined,
      }
    }
    accessibilityValue={
      Object {
        "max": undefined,
        "min": undefined,
        "now": undefined,
        "text": undefined,
      }
    }
    accessible={true}
    collapsable={false}
    focusable={true}
    hitSlop={
      Object {
        "bottom": 44,
        "left": 44,
        "right": 44,
        "top": 44,
      }
    }
    onClick={[Function]}
    onResponderGrant={[Function]}
    onResponderMove={[Function]}
    onResponderRelease={[Function]}
    onResponderTerminate={[Function]}
    onResponderTerminationRequest={[Function]}
    onStartShouldSetResponder={[Function]}
    style={
      Object {
        "opacity": 1,
      }
    }
  >
    <Text
      allowFontScaling={false}
      selectable={false}
      style={
        Array [
          Object {
            "color": "#9e83f5",
            "fontSize": 36,
          },
          undefined,
          Object {
            "fontFamily": "Material Icons",
            "fontStyle": "normal",
            "fontWeight": "normal",
          },
          Object {},
        ]
      }
    >
      î ´
    </Text>
  </View>
  <Text
    style={
      Array [
        Object {
          "color": "#000000",
          "flexShrink": 1,
          "fontFamily": "Raleway-Light",
          "fontSize": 18,
          "marginLeft": 10,
          "marginRight": 0,
        },
        Object {},
      ]
    }
  >
    Hello Friend
  </Text>
</View>
`;
