// Jest Snapshot v1, https://goo.gl/fbAQLP

exports[`InfoTextBox Component Renders correctly 1`] = `
<View
  style={
    Object {
      "backgroundColor": "#555555",
      "borderColor": "#0099FF",
      "borderRadius": 5,
      "borderWidth": 1,
      "padding": 10,
    }
  }
>
  <View
    style={
      Object {
        "alignItems": "center",
        "flexDirection": "row",
        "justifyContent": "flex-start",
      }
    }
  >
    <View
      style={
        Object {
          "alignSelf": "flex-start",
          "marginLeft": 0,
          "marginRight": 10,
        }
      }
    >
      <Icon
        color="#0099FF"
        name="info"
        size={30}
      />
    </View>
    <Text
      style={
        Object {
          "alignSelf": "center",
          "color": "#FFFFFF",
          "flex": 1,
          "flexWrap": "wrap",
          "fontFamily": "Raleway-Bold",
          "fontSize": 18,
        }
      }
    >
      Hello World
    </Text>
  </View>
</View>
`;
