// Jest Snapshot v1, https://goo.gl/fbAQLP

exports[`Link Component Renders correctly, testID exists, and is pressable 1`] = `
<Text
  accessibilityLabel="my link"
  accessibilityRole="link"
  accessible={true}
  onPress={
    [MockFunction] {
      "calls": Array [
        Array [],
      ],
      "results": Array [
        Object {
          "type": "return",
          "value": undefined,
        },
      ],
    }
  }
  style={
    Array [
      Object {
        "alignSelf": "flex-start",
        "color": "#cb7ca3",
        "fontFamily": "Raleway-Light",
        "fontSize": 18,
        "textDecorationLine": "underline",
      },
      Object {},
    ]
  }
  testID="com.ariesbifold:id/MyLink"
>
  my link
</Text>
`;
