// Jest Snapshot v1, https://goo.gl/fbAQLP

exports[`WhatAreContacts Screen Renders correctly 1`] = `
<RCTSafeAreaView
  style={
    Object {
      "alignItems": "center",
      "backgroundColor": "#FFFFFF",
      "flex": 1,
    }
  }
>
  <RCTScrollView
    automaticallyAdjustContentInsets={false}
    contentContainerStyle={
      Object {
        "marginTop": 30,
        "paddingLeft": 25,
        "paddingRight": 25,
      }
    }
    directionalLockEnabled={true}
    showsHorizontalScrollIndicator={false}
  >
    <View>
      <Text
        style={
          Object {
            "color": "#000000",
            "fontFamily": "Raleway-Regular",
            "fontSize": 32,
            "marginBottom": 15,
          }
        }
      >
        WhatAreContacts.Title
      </Text>
      <Text
        style={
          Object {
            "color": "#000000",
            "fontFamily": "Raleway-Light",
            "fontSize": 18,
          }
        }
      >
        WhatAreContacts.Preamble
      </Text>
      <View
        style={
          Object {
            "flexDirection": "row",
            "marginBottom": 10,
          }
        }
      >
        <Text
          style={
            Object {
              "color": "#000000",
              "fontFamily": "Raleway-Light",
              "fontSize": 18,
              "paddingRight": 5,
            }
          }
        >
          •
        </Text>
        <Text
          style={
            Array [
              Object {
                "color": "#000000",
                "fontFamily": "Raleway-Light",
                "fontSize": 18,
              },
              Object {
                "flexShrink": 1,
              },
            ]
          }
        >
          WhatAreContacts.ListItemDirectMessage
        </Text>
      </View>
      <View
        style={
          Object {
            "flexDirection": "row",
            "marginBottom": 10,
          }
        }
      >
        <Text
          style={
            Object {
              "color": "#000000",
              "fontFamily": "Raleway-Light",
              "fontSize": 18,
              "paddingRight": 5,
            }
          }
        >
          •
        </Text>
        <Text
          style={
            Array [
              Object {
                "color": "#000000",
                "fontFamily": "Raleway-Light",
                "fontSize": 18,
              },
              Object {
                "flexShrink": 1,
              },
            ]
          }
        >
          WhatAreContacts.ListItemNewCredentials
        </Text>
      </View>
      <View
        style={
          Object {
            "flexDirection": "row",
            "marginBottom": 10,
          }
        }
      >
        <Text
          style={
            Object {
              "color": "#000000",
              "fontFamily": "Raleway-Light",
              "fontSize": 18,
              "paddingRight": 5,
            }
          }
        >
          •
        </Text>
        <Text
          style={
            Array [
              Object {
                "color": "#000000",
                "fontFamily": "Raleway-Light",
                "fontSize": 18,
              },
              Object {
                "flexShrink": 1,
              },
            ]
          }
        >
          WhatAreContacts.ListItemNotifiedOfUpdates
        </Text>
      </View>
      <View
        style={
          Object {
            "flexDirection": "row",
            "marginBottom": 10,
          }
        }
      >
        <Text
          style={
            Object {
              "color": "#000000",
              "fontFamily": "Raleway-Light",
              "fontSize": 18,
              "paddingRight": 5,
            }
          }
        >
          •
        </Text>
        <Text
          style={
            Array [
              Object {
                "color": "#000000",
                "fontFamily": "Raleway-Light",
                "fontSize": 18,
              },
              Object {
                "flexShrink": 1,
              },
            ]
          }
        >
          WhatAreContacts.ListItemRequest
        </Text>
      </View>
      <Text
        style={
          Object {
            "color": "#000000",
            "fontFamily": "Raleway-Light",
            "fontSize": 18,
          }
        }
      >
        WhatAreContacts.RemoveContacts 
        <Text
          accessibilityLabel="WhatAreContacts.ContactsLink"
          accessibilityRole="link"
          accessible={true}
          onPress={[Function]}
          style={
            Array [
              Object {
                "alignSelf": "flex-start",
                "color": "#cb7ca3",
                "fontFamily": "Raleway-Light",
                "fontSize": 18,
                "textDecorationLine": "underline",
              },
              Object {},
            ]
          }
          testID="com.ariesbifold:id/WhatAreContacts.ContactsLink"
        >
          WhatAreContacts.ContactsLink
        </Text>
      </Text>
    </View>
  </RCTScrollView>
</RCTSafeAreaView>
`;
